app/api/paystack/webhook/route.ts(199,45): error TS2339: Property 'updateSubscriptionByCustomerId' does not exist on type '{ getSubscriptionStatus: FunctionReference<"query", "public", {}, { tier: SubscriptionTier; rawTier: SubscriptionTier; status: string; paystackCustomerId: string | undefined; paystackSubscriptionCode: string | undefined; subscriptionStartDate: number | undefined; subscriptionEndDate: number | undefined; monthlyUsage...'.
app/api/paystack/webhook/route.ts(215,45): error TS2339: Property 'updateSubscriptionByCustomerId' does not exist on type '{ getSubscriptionStatus: FunctionReference<"query", "public", {}, { tier: SubscriptionTier; rawTier: SubscriptionTier; status: string; paystackCustomerId: string | undefined; paystackSubscriptionCode: string | undefined; subscriptionStartDate: number | undefined; subscriptionEndDate: number | undefined; monthlyUsage...'.
app/api/paystack/webhook/route.ts(232,45): error TS2339: Property 'updateSubscriptionByCustomerId' does not exist on type '{ getSubscriptionStatus: FunctionReference<"query", "public", {}, { tier: SubscriptionTier; rawTier: SubscriptionTier; status: string; paystackCustomerId: string | undefined; paystackSubscriptionCode: string | undefined; subscriptionStartDate: number | undefined; subscriptionEndDate: number | undefined; monthlyUsage...'.
app/api/paystack/webhook/route.ts(247,45): error TS2339: Property 'updateSubscriptionByCustomerId' does not exist on type '{ getSubscriptionStatus: FunctionReference<"query", "public", {}, { tier: SubscriptionTier; rawTier: SubscriptionTier; status: string; paystackCustomerId: string | undefined; paystackSubscriptionCode: string | undefined; subscriptionStartDate: number | undefined; subscriptionEndDate: number | undefined; monthlyUsage...'.
components/dashboard/CommandPalette.tsx(249,21): error TS2339: Property 'forEach' does not exist on type 'SearchResponse'.
components/dashboard/CommandPalette.tsx(249,30): error TS7006: Parameter 'result' implicitly has an 'any' type.
components/dashboard/dialogs/BulkExportDialog.tsx(15,26): error TS2307: Cannot find module '@/components/ui/checkbox' or its corresponding type declarations.
components/dashboard/dialogs/BulkExportDialog.tsx(87,40): error TS1501: This regular expression flag is only available when targeting 'es2018' or later.
components/dashboard/dialogs/BulkExportDialog.tsx(89,54): error TS1501: This regular expression flag is only available when targeting 'es2018' or later.
components/dashboard/dialogs/BulkExportDialog.tsx(350,37): error TS7006: Parameter 'checked' implicitly has an 'any' type.
components/dashboard/flashcards/FlashcardStudy.tsx(112,9): error TS2353: Object literal may only specify known properties, and 'difficulty' does not exist in type '{ nextReviewAt: number; cardId: Id<"flashcards">; quality: number; easeFactor: number; interval: number; repetitions: number; }'.
components/dashboard/flashcards/FlashcardStudy.tsx(144,9): error TS2353: Object literal may only specify known properties, and 'difficulty' does not exist in type '{ nextReviewAt: number; cardId: Id<"flashcards">; quality: number; easeFactor: number; interval: number; repetitions: number; }'.
